// Jest Snapshot v1, https://goo.gl/fbAQLP

exports[`it matches snapshot 1`] = `
<DocumentFragment>
  <div
    class="MuiContainer-root MuiContainer-maxWidthLg"
  >
    <div
      class="MuiBox-root MuiBox-root-7"
    >
      <div
        class="MuiBox-root MuiBox-root-8"
      />
    </div>
    <p>
      Sorry, no projects were found!
    </p>
  </div>
</DocumentFragment>
`;
