// Jest Snapshot v1, https://goo.gl/fbAQLP

exports[`it matches snapshot 1`] = `
<DocumentFragment>
  <div
    class="makeStyles-message-22"
  >
    Page Not Found
  </div>
</DocumentFragment>
`;
