// Jest Snapshot v1, https://goo.gl/fbAQLP

exports[`Snapshot test it matches snapshot 1`] = `
<DocumentFragment>
  <main
    class="MuiPaper-root makeStyles-paper-9 MuiPaper-elevation5 MuiPaper-rounded"
    maxwidth="xs"
  >
    <div
      class="MuiAvatar-root MuiAvatar-circular makeStyles-avatar-10 MuiAvatar-colorDefault"
    >
      <svg
        aria-hidden="true"
        class="MuiSvgIcon-root"
        focusable="false"
        viewBox="0 0 24 24"
      >
        <path
          d="M18 8h-1V6c0-2.76-2.24-5-5-5S7 3.24 7 6v2H6c-1.1 0-2 .9-2 2v10c0 1.1.9 2 2 2h12c1.1 0 2-.9 2-2V10c0-1.1-.9-2-2-2zM9 6c0-1.66 1.34-3 3-3s3 1.34 3 3v2H9V6zm9 14H6V10h12v10zm-6-3c1.1 0 2-.9 2-2s-.9-2-2-2-2 .9-2 2 .9 2 2 2z"
        />
      </svg>
    </div>
    <h1
      class="MuiTypography-root MuiTypography-h5"
    >
      Sign in
    </h1>
    <form
      class="makeStyles-form-11"
    >
      <div
        class="MuiFormControl-root MuiTextField-root MuiFormControl-marginNormal MuiFormControl-fullWidth"
      >
        <label
          class="MuiFormLabel-root MuiInputLabel-root MuiInputLabel-formControl MuiInputLabel-animated MuiInputLabel-shrink MuiInputLabel-outlined Mui-focused Mui-focused Mui-required Mui-required"
          data-shrink="true"
          for="username"
          id="username-label"
        >
          Username
          <span
            aria-hidden="true"
            class="MuiFormLabel-asterisk MuiInputLabel-asterisk"
          >
             *
          </span>
        </label>
        <div
          class="MuiInputBase-root MuiOutlinedInput-root MuiInputBase-fullWidth Mui-focused Mui-focused MuiInputBase-formControl"
        >
          <input
            aria-invalid="false"
            autocomplete="username"
            class="MuiInputBase-input MuiOutlinedInput-input"
            id="username"
            name="username"
            required=""
            type="text"
            value=""
          />
          <fieldset
            aria-hidden="true"
            class="PrivateNotchedOutline-root-13 MuiOutlinedInput-notchedOutline"
          >
            <legend
              class="PrivateNotchedOutline-legendLabelled-15 PrivateNotchedOutline-legendNotched-16"
            >
              <span>
                Username *
              </span>
            </legend>
          </fieldset>
        </div>
      </div>
      <div
        class="MuiFormControl-root MuiTextField-root MuiFormControl-marginNormal MuiFormControl-fullWidth"
      >
        <label
          class="MuiFormLabel-root MuiInputLabel-root MuiInputLabel-formControl MuiInputLabel-animated MuiInputLabel-outlined Mui-required Mui-required"
          data-shrink="false"
          for="password"
          id="password-label"
        >
          Password
          <span
            aria-hidden="true"
            class="MuiFormLabel-asterisk MuiInputLabel-asterisk"
          >
             *
          </span>
        </label>
        <div
          class="MuiInputBase-root MuiOutlinedInput-root MuiInputBase-fullWidth MuiInputBase-formControl"
        >
          <input
            aria-invalid="false"
            class="MuiInputBase-input MuiOutlinedInput-input"
            id="password"
            name="password"
            required=""
            type="password"
            value=""
          />
          <fieldset
            aria-hidden="true"
            class="PrivateNotchedOutline-root-13 MuiOutlinedInput-notchedOutline"
          >
            <legend
              class="PrivateNotchedOutline-legendLabelled-15"
            >
              <span>
                Password *
              </span>
            </legend>
          </fieldset>
        </div>
      </div>
      <button
        class="MuiButtonBase-root MuiButton-root MuiButton-contained makeStyles-submit-12 MuiButton-containedPrimary MuiButton-containedSizeLarge MuiButton-sizeLarge MuiButton-fullWidth"
        tabindex="0"
        type="submit"
      >
        <span
          class="MuiButton-label"
        >
          Sign In
        </span>
        <span
          class="MuiTouchRipple-root"
        />
      </button>
      <div
        class="MuiGrid-root MuiGrid-container"
      >
        <div
          class="MuiGrid-root MuiGrid-item"
        >
          Don't have an account? 
          <a
            class="MuiTypography-root MuiLink-root MuiLink-underlineHover MuiTypography-colorPrimary"
            href="/signup"
          >
            Sign Up
          </a>
        </div>
      </div>
    </form>
  </main>
</DocumentFragment>
`;
